// Jest Snapshot v1, https://goo.gl/fbAQLP

exports[`vercel-openapi runs hello 1`] = `
"{
  \\"openapi\\": \\"3.1.0\\",
  \\"info\\": {
    \\"title\\": \\"FakeAPI\\",
    \\"version\\": \\"0.0.1\\"
  },
  \\"paths\\": {
    \\"/api/endpoint\\": {
      \\"get\\": {
        \\"operationId\\": \\"getEndpoint\\",
        \\"responses\\": {
          \\"default\\": {
            \\"description\\": \\"Ok\\",
            \\"content\\": {
              \\"application/json\\": {
                \\"schema\\": {
                  \\"$ref\\": \\"#/components/schemas/Shape\\"
                }
              }
            }
          }
        }
      }
    }
  },
  \\"components\\": {
    \\"schemas\\": {
      \\"Shape\\": {
        \\"properties\\": {
          \\"id\\": {
            \\"type\\": \\"string\\"
          }
        },
        \\"type\\": \\"object\\",
        \\"required\\": [
          \\"id\\"
        ]
      }
    },
    \\"securitySchemes\\": {}
  }
}
"
`;
