// Jest Snapshot v1, https://goo.gl/fbAQLP

exports[`scaffold runs scaffold 1`] = `
"openapi: 3.0.0
info:
  title: FakeAPI
  version: 1.0.42
paths: {}
components:
  schemas: {}
  responses: {}
  parameters: {}
  examples: {}
  requestBodies: {}
  headers: {}
  securitySchemes: {}
  links: {}
  callbacks: {}
tags: []
servers: []

"
`;

exports[`vercel-openapi runs --debug 1`] = `""`;

exports[`vercel-openapi runs 1`] = `
"openapi: 3.1.0
info:
  title: FakeAPI
  version: 0.0.1
paths:
  /api/create:
    post:
      operationId: postCreate
      tags:
        - create
      responses:
        default:
          description: Ok
          content:
            application/json:
              schema:
                $ref: \\"#/components/schemas/PostResponse\\"
      requestBody:
        content:
          application/json:
            schema:
              $ref: \\"#/components/schemas/PostRequest\\"
        required: true
    get:
      operationId: getCreate
      tags:
        - create
      responses:
        default:
          description: Ok
          content:
            application/json:
              schema:
                $ref: \\"#/components/schemas/PostResponse\\"
    parameters: []
  \\"/api/dynamic/{dynamic}\\":
    get:
      operationId: getDynamicDynamic
      responses:
        default:
          description: Ok
          content:
            application/json:
              schema:
                $ref: \\"#/components/schemas/GetRequest\\"
    parameters:
      - name: dynamic
        in: path
        required: true
        schema:
          type: string
  \\"/api/dynamic/{id1}/subdir/{id2}\\":
    get:
      operationId: getDynamicId1SubdirId2
      responses:
        default:
          description: Ok
          content:
            application/json:
              schema:
                $ref: \\"#/components/schemas/Thing\\"
    parameters:
      - name: id1
        in: path
        required: true
        schema:
          type: string
      - name: id2
        in: path
        required: true
        schema:
          type: string
  /api/endpoint:
    get:
      operationId: getEndpoint
      tags:
        - endpoint
      responses:
        default:
          description: Ok
          content:
            application/json:
              schema:
                $ref: \\"#/components/schemas/Shape\\"
    parameters: []
components:
  schemas:
    PostRequest:
      properties:
        name:
          type: string
      type: object
      required:
        - name
    PostResponse:
      properties:
        id:
          type: string
        name:
          type: string
      type: object
      required:
        - id
        - name
    GetRequest:
      properties:
        name:
          type: string
      type: object
      required:
        - name
    Thing:
      properties:
        t:
          pattern: ^[a-zA-Z]+$
          type: string
      type: object
      required:
        - t
    Shape:
      properties:
        id:
          type: string
      type: object
      required:
        - id
  responses: {}
  parameters: {}
  examples: {}
  requestBodies: {}
  headers: {}
  securitySchemes:
    AuthHeader:
      scheme: bearer
      type: http
  links: {}
  callbacks: {}
tags: []
servers: []
security:
  - AuthHeader: []

"
`;
