// Jest Snapshot v1, https://goo.gl/fbAQLP

exports[`vercel-openapi runs hello 1`] = `
"{
  \\"openapi\\": \\"3.1.0\\",
  \\"info\\": {
    \\"title\\": \\"FakeAPI\\",
    \\"version\\": \\"0.0.1\\"
  },
  \\"paths\\": {
    \\"/api/create\\": {
      \\"post\\": {
        \\"operationId\\": \\"postCreate\\",
        \\"responses\\": {
          \\"default\\": {
            \\"$ref\\": \\"#/components/schemas/PostRequest\\"
          }
        },
        \\"requestBody\\": {
          \\"$ref\\": \\"#/components/schemas/PostRequest\\"
        }
      },
      \\"get\\": {
        \\"operationId\\": \\"getCreate\\",
        \\"responses\\": {
          \\"default\\": {
            \\"$ref\\": \\"#/components/schemas/PostRequest\\"
          }
        }
      }
    },
    \\"/api/endpoint\\": {
      \\"get\\": {
        \\"operationId\\": \\"getEndpoint\\",
        \\"responses\\": {
          \\"default\\": {
            \\"$ref\\": \\"#/components/schemas/Shape\\"
          }
        }
      }
    },
    \\"/api/dynamic/{dynamic_segment}\\": {
      \\"get\\": {
        \\"operationId\\": \\"getDynamic\\",
        \\"responses\\": {
          \\"default\\": {
            \\"$ref\\": \\"#/components/schemas/GetRequest\\"
          }
        }
      }
    }
  },
  \\"components\\": {
    \\"schemas\\": {
      \\"GetRequest\\": {
        \\"properties\\": {
          \\"name\\": {
            \\"type\\": \\"string\\"
          }
        },
        \\"type\\": \\"object\\",
        \\"required\\": [
          \\"name\\"
        ]
      },
      \\"PostRequest\\": {
        \\"properties\\": {
          \\"name\\": {
            \\"type\\": \\"string\\"
          }
        },
        \\"type\\": \\"object\\",
        \\"required\\": [
          \\"name\\"
        ]
      },
      \\"PostResponse\\": {
        \\"properties\\": {
          \\"id\\": {
            \\"type\\": \\"string\\"
          },
          \\"name\\": {
            \\"type\\": \\"string\\"
          }
        },
        \\"type\\": \\"object\\",
        \\"required\\": [
          \\"id\\",
          \\"name\\"
        ]
      },
      \\"Shape\\": {
        \\"properties\\": {
          \\"id\\": {
            \\"type\\": \\"string\\"
          }
        },
        \\"type\\": \\"object\\",
        \\"required\\": [
          \\"id\\"
        ]
      }
    },
    \\"securitySchemes\\": {}
  }
}
"
`;
